// Jest Snapshot v1, https://goo.gl/fbAQLP

exports[`snapshot test for Quote Component Matches the snapshot: Quote 1`] = `
<div
  className="quotes"
>
  <h1>
    Quotes
  </h1>
  <p
    className="quote"
  >
    Math is not about numbers, equations, computations or algorithms: it is about understanding.â€“William Paul Thurston
  </p>
</div>
`;
